../Core/Src/main.c:83:5:main	8	static
../Core/Src/main.c:140:6:SystemClock_Config	88	static
../Core/Src/main.c:188:13:MX_SPI1_Init	8	static
../Core/Src/main.c:226:13:MX_USART2_UART_Init	8	static
../Core/Src/main.c:259:13:MX_GPIO_Init	48	static
../Core/Src/main.c:308:6:NRF_init_as_node	112	static
../Core/Src/main.c:318:6:Transmit_Update	16	static
../Core/Src/main.c:335:6:Switch_to_Receiver_mode	8	static
../Core/Src/main.c:342:6:untill_alarm_reset	8	static
../Core/Src/main.c:393:6:Switch_to_Transmitt_mode	8	static
../Core/Src/main.c:400:6:alarm_light_and_hooter	16	static
../Core/Src/main.c:415:6:Error_Handler	8	static,ignoring_inline_asm
