../Core/Src/main.c:87:5:main	8	static
../Core/Src/main.c:144:6:SystemClock_Config	72	static
../Core/Src/main.c:181:13:MX_SPI1_Init	8	static
../Core/Src/main.c:219:13:MX_USART2_UART_Init	8	static
../Core/Src/main.c:252:13:MX_GPIO_Init	40	static
../Core/Src/main.c:300:6:NRF_init_as_node	112	static
../Core/Src/main.c:310:6:Transmit_Update	16	static
../Core/Src/main.c:327:6:Switch_to_Receiver_mode	8	static
../Core/Src/main.c:334:6:untill_alarm_reset	8	static
../Core/Src/main.c:385:6:Switch_to_Transmitt_mode	8	static
../Core/Src/main.c:392:6:alarm_light_and_hooter	16	static
../Core/Src/main.c:407:6:Error_Handler	8	static,ignoring_inline_asm
