22:45:14 **** Incremental Build of configuration Debug for project GATEWAY ****
make -j8 all 
arm-none-eabi-gcc "../Core/Src/main.c" -mcpu=cortex-m3 -std=gnu11 -g3 -DDEBUG -DUSE_HAL_DRIVER -DSTM32F103x6 -c -I../Core/Inc -I../Drivers/STM32F1xx_HAL_Driver/Inc/Legacy -I../Drivers/STM32F1xx_HAL_Driver/Inc -I../Drivers/CMSIS/Device/ST/STM32F1xx/Include -I../Drivers/CMSIS/Include -O0 -ffunction-sections -fdata-sections -Wall -fstack-usage -fcyclomatic-complexity -MMD -MP -MF"Core/Src/main.d" -MT"Core/Src/main.o" --specs=nano.specs -mfloat-abi=soft -mthumb -o "Core/Src/main.o"
arm-none-eabi-gcc -o "GATEWAY.elf" @"objects.list"   -mcpu=cortex-m3 -T"C:\Users\sunil\OneDrive\Desktop\FL\FARAZ_SIR_UAE\FIRE_ALARM\test\GATEWAY\STM32F103C6TX_FLASH.ld" --specs=nosys.specs -Wl,-Map="GATEWAY.map" -Wl,--gc-sections -static --specs=nano.specs -mfloat-abi=soft -mthumb -Wl,--start-group -lc -lm -Wl,--end-group
Finished building target: GATEWAY.elf
 
arm-none-eabi-size   GATEWAY.elf 
arm-none-eabi-objdump -h -S  GATEWAY.elf  > "GATEWAY.list"
   text	   data	    bss	    dec	    hex	filename
  21104	    144	   2112	  23360	   5b40	GATEWAY.elf
Finished building: default.size.stdout
 
Finished building: GATEWAY.list
 

22:45:16 Build Finished. 0 errors, 0 warnings. (took 1s.633ms)

